// Jest Snapshot v1, https://goo.gl/fbAQLP

exports[`Expect to render CounterButton component 1`] = `
<button
  color="red"
  id="counter"
  onClick={[Function]}
>
  Button: 
  0
</button>
`;
